Archive member included to satisfy reference by file (symbol)

c:/program files (x86)/atmel/studio/7.0/toolchain/avr8/avr8-gnu-toolchain/bin/../lib/gcc/avr/5.4.0/avrxmega3/short-calls\libgcc.a(_exit.o)
                              C:/Program Files (x86)/Atmel/Studio/7.0/Packs/atmel/ATtiny_DFP/1.3.229/gcc/dev/attiny817/avrxmega3/short-calls/crtattiny817.o (exit)
c:/program files (x86)/atmel/studio/7.0/toolchain/avr8/avr8-gnu-toolchain/bin/../lib/gcc/avr/5.4.0/avrxmega3/short-calls\libgcc.a(_copy_data.o)
                              main.o (__do_copy_data)
c:/program files (x86)/atmel/studio/7.0/toolchain/avr8/avr8-gnu-toolchain/bin/../lib/gcc/avr/5.4.0/avrxmega3/short-calls\libgcc.a(_clear_bss.o)
                              i2c_master.o (__do_clear_bss)

Discarded input sections

 .data          0x00000000        0x0 C:/Program Files (x86)/Atmel/Studio/7.0/Packs/atmel/ATtiny_DFP/1.3.229/gcc/dev/attiny817/avrxmega3/short-calls/crtattiny817.o
 .bss           0x00000000        0x0 C:/Program Files (x86)/Atmel/Studio/7.0/Packs/atmel/ATtiny_DFP/1.3.229/gcc/dev/attiny817/avrxmega3/short-calls/crtattiny817.o
 .text          0x00000000        0x0 i2c_master.o
 .data          0x00000000        0x0 i2c_master.o
 .bss           0x00000000        0x0 i2c_master.o
 .text          0x00000000        0x0 main.o
 .data          0x00000000        0x0 main.o
 .bss           0x00000000        0x0 main.o
 .text          0x00000000        0x0 msg_buffer.o
 .data          0x00000000        0x0 msg_buffer.o
 .bss           0x00000000        0x0 msg_buffer.o
 .text          0x00000000        0x0 spi_master.o
 .data          0x00000000        0x0 spi_master.o
 .bss           0x00000000        0x0 spi_master.o
 .text.get_spi_status
                0x00000000        0x6 spi_master.o
 .text          0x00000000        0x0 c:/program files (x86)/atmel/studio/7.0/toolchain/avr8/avr8-gnu-toolchain/bin/../lib/gcc/avr/5.4.0/avrxmega3/short-calls\libgcc.a(_exit.o)
 .data          0x00000000        0x0 c:/program files (x86)/atmel/studio/7.0/toolchain/avr8/avr8-gnu-toolchain/bin/../lib/gcc/avr/5.4.0/avrxmega3/short-calls\libgcc.a(_exit.o)
 .bss           0x00000000        0x0 c:/program files (x86)/atmel/studio/7.0/toolchain/avr8/avr8-gnu-toolchain/bin/../lib/gcc/avr/5.4.0/avrxmega3/short-calls\libgcc.a(_exit.o)
 .text.libgcc.mul
                0x00000000        0x0 c:/program files (x86)/atmel/studio/7.0/toolchain/avr8/avr8-gnu-toolchain/bin/../lib/gcc/avr/5.4.0/avrxmega3/short-calls\libgcc.a(_exit.o)
 .text.libgcc.div
                0x00000000        0x0 c:/program files (x86)/atmel/studio/7.0/toolchain/avr8/avr8-gnu-toolchain/bin/../lib/gcc/avr/5.4.0/avrxmega3/short-calls\libgcc.a(_exit.o)
 .text.libgcc   0x00000000        0x0 c:/program files (x86)/atmel/studio/7.0/toolchain/avr8/avr8-gnu-toolchain/bin/../lib/gcc/avr/5.4.0/avrxmega3/short-calls\libgcc.a(_exit.o)
 .text.libgcc.prologue
                0x00000000        0x0 c:/program files (x86)/atmel/studio/7.0/toolchain/avr8/avr8-gnu-toolchain/bin/../lib/gcc/avr/5.4.0/avrxmega3/short-calls\libgcc.a(_exit.o)
 .text.libgcc.builtins
                0x00000000        0x0 c:/program files (x86)/atmel/studio/7.0/toolchain/avr8/avr8-gnu-toolchain/bin/../lib/gcc/avr/5.4.0/avrxmega3/short-calls\libgcc.a(_exit.o)
 .text.libgcc.fmul
                0x00000000        0x0 c:/program files (x86)/atmel/studio/7.0/toolchain/avr8/avr8-gnu-toolchain/bin/../lib/gcc/avr/5.4.0/avrxmega3/short-calls\libgcc.a(_exit.o)
 .text.libgcc.fixed
                0x00000000        0x0 c:/program files (x86)/atmel/studio/7.0/toolchain/avr8/avr8-gnu-toolchain/bin/../lib/gcc/avr/5.4.0/avrxmega3/short-calls\libgcc.a(_exit.o)
 .text          0x00000000        0x0 c:/program files (x86)/atmel/studio/7.0/toolchain/avr8/avr8-gnu-toolchain/bin/../lib/gcc/avr/5.4.0/avrxmega3/short-calls\libgcc.a(_copy_data.o)
 .data          0x00000000        0x0 c:/program files (x86)/atmel/studio/7.0/toolchain/avr8/avr8-gnu-toolchain/bin/../lib/gcc/avr/5.4.0/avrxmega3/short-calls\libgcc.a(_copy_data.o)
 .bss           0x00000000        0x0 c:/program files (x86)/atmel/studio/7.0/toolchain/avr8/avr8-gnu-toolchain/bin/../lib/gcc/avr/5.4.0/avrxmega3/short-calls\libgcc.a(_copy_data.o)
 .text.libgcc.mul
                0x00000000        0x0 c:/program files (x86)/atmel/studio/7.0/toolchain/avr8/avr8-gnu-toolchain/bin/../lib/gcc/avr/5.4.0/avrxmega3/short-calls\libgcc.a(_copy_data.o)
 .text.libgcc.div
                0x00000000        0x0 c:/program files (x86)/atmel/studio/7.0/toolchain/avr8/avr8-gnu-toolchain/bin/../lib/gcc/avr/5.4.0/avrxmega3/short-calls\libgcc.a(_copy_data.o)
 .text.libgcc   0x00000000        0x0 c:/program files (x86)/atmel/studio/7.0/toolchain/avr8/avr8-gnu-toolchain/bin/../lib/gcc/avr/5.4.0/avrxmega3/short-calls\libgcc.a(_copy_data.o)
 .text.libgcc.prologue
                0x00000000        0x0 c:/program files (x86)/atmel/studio/7.0/toolchain/avr8/avr8-gnu-toolchain/bin/../lib/gcc/avr/5.4.0/avrxmega3/short-calls\libgcc.a(_copy_data.o)
 .text.libgcc.builtins
                0x00000000        0x0 c:/program files (x86)/atmel/studio/7.0/toolchain/avr8/avr8-gnu-toolchain/bin/../lib/gcc/avr/5.4.0/avrxmega3/short-calls\libgcc.a(_copy_data.o)
 .text.libgcc.fmul
                0x00000000        0x0 c:/program files (x86)/atmel/studio/7.0/toolchain/avr8/avr8-gnu-toolchain/bin/../lib/gcc/avr/5.4.0/avrxmega3/short-calls\libgcc.a(_copy_data.o)
 .text.libgcc.fixed
                0x00000000        0x0 c:/program files (x86)/atmel/studio/7.0/toolchain/avr8/avr8-gnu-toolchain/bin/../lib/gcc/avr/5.4.0/avrxmega3/short-calls\libgcc.a(_copy_data.o)
 .text          0x00000000        0x0 c:/program files (x86)/atmel/studio/7.0/toolchain/avr8/avr8-gnu-toolchain/bin/../lib/gcc/avr/5.4.0/avrxmega3/short-calls\libgcc.a(_clear_bss.o)
 .data          0x00000000        0x0 c:/program files (x86)/atmel/studio/7.0/toolchain/avr8/avr8-gnu-toolchain/bin/../lib/gcc/avr/5.4.0/avrxmega3/short-calls\libgcc.a(_clear_bss.o)
 .bss           0x00000000        0x0 c:/program files (x86)/atmel/studio/7.0/toolchain/avr8/avr8-gnu-toolchain/bin/../lib/gcc/avr/5.4.0/avrxmega3/short-calls\libgcc.a(_clear_bss.o)
 .text.libgcc.mul
                0x00000000        0x0 c:/program files (x86)/atmel/studio/7.0/toolchain/avr8/avr8-gnu-toolchain/bin/../lib/gcc/avr/5.4.0/avrxmega3/short-calls\libgcc.a(_clear_bss.o)
 .text.libgcc.div
                0x00000000        0x0 c:/program files (x86)/atmel/studio/7.0/toolchain/avr8/avr8-gnu-toolchain/bin/../lib/gcc/avr/5.4.0/avrxmega3/short-calls\libgcc.a(_clear_bss.o)
 .text.libgcc   0x00000000        0x0 c:/program files (x86)/atmel/studio/7.0/toolchain/avr8/avr8-gnu-toolchain/bin/../lib/gcc/avr/5.4.0/avrxmega3/short-calls\libgcc.a(_clear_bss.o)
 .text.libgcc.prologue
                0x00000000        0x0 c:/program files (x86)/atmel/studio/7.0/toolchain/avr8/avr8-gnu-toolchain/bin/../lib/gcc/avr/5.4.0/avrxmega3/short-calls\libgcc.a(_clear_bss.o)
 .text.libgcc.builtins
                0x00000000        0x0 c:/program files (x86)/atmel/studio/7.0/toolchain/avr8/avr8-gnu-toolchain/bin/../lib/gcc/avr/5.4.0/avrxmega3/short-calls\libgcc.a(_clear_bss.o)
 .text.libgcc.fmul
                0x00000000        0x0 c:/program files (x86)/atmel/studio/7.0/toolchain/avr8/avr8-gnu-toolchain/bin/../lib/gcc/avr/5.4.0/avrxmega3/short-calls\libgcc.a(_clear_bss.o)
 .text.libgcc.fixed
                0x00000000        0x0 c:/program files (x86)/atmel/studio/7.0/toolchain/avr8/avr8-gnu-toolchain/bin/../lib/gcc/avr/5.4.0/avrxmega3/short-calls\libgcc.a(_clear_bss.o)

Memory Configuration

Name             Origin             Length             Attributes
text             0x00000000         0x00100000         xr
data             0x00802000         0x0000ffa0         rw !x
eeprom           0x00810000         0x00010000         rw !x
fuse             0x00820000         0x00000009         rw !x
lock             0x00830000         0x00000400         rw !x
signature        0x00840000         0x00000400         rw !x
user_signatures  0x00850000         0x00000400         rw !x
*default*        0x00000000         0xffffffff

Linker script and memory map

Address of section .data set to 0x803e00
                0x00008000                __RODATA_PM_OFFSET__ = 0x8000
LOAD C:/Program Files (x86)/Atmel/Studio/7.0/Packs/atmel/ATtiny_DFP/1.3.229/gcc/dev/attiny817/avrxmega3/short-calls/crtattiny817.o
LOAD i2c_master.o
LOAD main.o
LOAD msg_buffer.o
LOAD spi_master.o
START GROUP
LOAD c:/program files (x86)/atmel/studio/7.0/toolchain/avr8/avr8-gnu-toolchain/bin/../lib/gcc/avr/5.4.0/../../../../avr/lib/avrxmega3/short-calls\libm.a
END GROUP
START GROUP
LOAD c:/program files (x86)/atmel/studio/7.0/toolchain/avr8/avr8-gnu-toolchain/bin/../lib/gcc/avr/5.4.0/avrxmega3/short-calls\libgcc.a
LOAD c:/program files (x86)/atmel/studio/7.0/toolchain/avr8/avr8-gnu-toolchain/bin/../lib/gcc/avr/5.4.0/../../../../avr/lib/avrxmega3/short-calls\libm.a
LOAD c:/program files (x86)/atmel/studio/7.0/toolchain/avr8/avr8-gnu-toolchain/bin/../lib/gcc/avr/5.4.0/../../../../avr/lib/avrxmega3/short-calls\libc.a
LOAD C:/Program Files (x86)/Atmel/Studio/7.0/Packs/atmel/ATtiny_DFP/1.3.229/gcc/dev/attiny817/avrxmega3/short-calls\libattiny817.a
END GROUP
                0x00000000                __TEXT_REGION_ORIGIN__ = DEFINED (__TEXT_REGION_ORIGIN__)?__TEXT_REGION_ORIGIN__:0x0
                0x00802000                __DATA_REGION_ORIGIN__ = DEFINED (__DATA_REGION_ORIGIN__)?__DATA_REGION_ORIGIN__:0x802000
                0x00100000                __TEXT_REGION_LENGTH__ = DEFINED (__TEXT_REGION_LENGTH__)?__TEXT_REGION_LENGTH__:0x100000
                0x0000ffa0                __DATA_REGION_LENGTH__ = DEFINED (__DATA_REGION_LENGTH__)?__DATA_REGION_LENGTH__:0xffa0
                0x00010000                __EEPROM_REGION_LENGTH__ = DEFINED (__EEPROM_REGION_LENGTH__)?__EEPROM_REGION_LENGTH__:0x10000
                [0x00000009]                __FUSE_REGION_LENGTH__ = DEFINED (__FUSE_REGION_LENGTH__)?__FUSE_REGION_LENGTH__:0x400
                0x00000400                __LOCK_REGION_LENGTH__ = DEFINED (__LOCK_REGION_LENGTH__)?__LOCK_REGION_LENGTH__:0x400
                0x00000400                __SIGNATURE_REGION_LENGTH__ = DEFINED (__SIGNATURE_REGION_LENGTH__)?__SIGNATURE_REGION_LENGTH__:0x400
                0x00000400                __USER_SIGNATURE_REGION_LENGTH__ = DEFINED (__USER_SIGNATURE_REGION_LENGTH__)?__USER_SIGNATURE_REGION_LENGTH__:0x400
                0x00008000                __RODATA_PM_OFFSET__ = DEFINED (__RODATA_PM_OFFSET__)?__RODATA_PM_OFFSET__:0x8000

.hash
 *(.hash)

.dynsym
 *(.dynsym)

.dynstr
 *(.dynstr)

.gnu.version
 *(.gnu.version)

.gnu.version_d
 *(.gnu.version_d)

.gnu.version_r
 *(.gnu.version_r)

.rel.init
 *(.rel.init)

.rela.init
 *(.rela.init)

.rel.text
 *(.rel.text)
 *(.rel.text.*)
 *(.rel.gnu.linkonce.t*)

.rela.text
 *(.rela.text)
 *(.rela.text.*)
 *(.rela.gnu.linkonce.t*)

.rel.fini
 *(.rel.fini)

.rela.fini
 *(.rela.fini)

.rel.rodata
 *(.rel.rodata)
 *(.rel.rodata.*)
 *(.rel.gnu.linkonce.r*)

.rela.rodata
 *(.rela.rodata)
 *(.rela.rodata.*)
 *(.rela.gnu.linkonce.r*)

.rel.data
 *(.rel.data)
 *(.rel.data.*)
 *(.rel.gnu.linkonce.d*)

.rela.data
 *(.rela.data)
 *(.rela.data.*)
 *(.rela.gnu.linkonce.d*)

.rel.ctors
 *(.rel.ctors)

.rela.ctors
 *(.rela.ctors)

.rel.dtors
 *(.rel.dtors)

.rela.dtors
 *(.rela.dtors)

.rel.got
 *(.rel.got)

.rela.got
 *(.rela.got)

.rel.bss
 *(.rel.bss)

.rela.bss
 *(.rela.bss)

.rel.plt
 *(.rel.plt)

.rela.plt
 *(.rela.plt)

.text           0x00000000      0x722
 *(.vectors)
 .vectors       0x00000000       0x34 C:/Program Files (x86)/Atmel/Studio/7.0/Packs/atmel/ATtiny_DFP/1.3.229/gcc/dev/attiny817/avrxmega3/short-calls/crtattiny817.o
                0x00000000                __vector_default
                0x00000000                __vectors
 *(.vectors)
 *(.progmem.gcc*)
                0x00000034                . = ALIGN (0x2)
                0x00000034                __trampolines_start = .
 *(.trampolines)
 .trampolines   0x00000034        0x0 linker stubs
 *(.trampolines*)
                0x00000034                __trampolines_end = .
 *libprintf_flt.a:*(.progmem.data)
 *libc.a:*(.progmem.data)
 *(.progmem*)
                0x00000034                . = ALIGN (0x2)
 *(.jumptables)
 *(.jumptables*)
 *(.lowtext)
 *(.lowtext*)
                0x00000034                __ctors_start = .
 *(.ctors)
                0x00000034                __ctors_end = .
                0x00000034                __dtors_start = .
 *(.dtors)
                0x00000034                __dtors_end = .
 SORT(*)(.ctors)
 SORT(*)(.dtors)
 *(.init0)
 .init0         0x00000034        0x0 C:/Program Files (x86)/Atmel/Studio/7.0/Packs/atmel/ATtiny_DFP/1.3.229/gcc/dev/attiny817/avrxmega3/short-calls/crtattiny817.o
                0x00000034                __init
 *(.init0)
 *(.init1)
 *(.init1)
 *(.init2)
 .init2         0x00000034        0xc C:/Program Files (x86)/Atmel/Studio/7.0/Packs/atmel/ATtiny_DFP/1.3.229/gcc/dev/attiny817/avrxmega3/short-calls/crtattiny817.o
 *(.init2)
 *(.init3)
 *(.init3)
 *(.init4)
 .init4         0x00000040       0x16 c:/program files (x86)/atmel/studio/7.0/toolchain/avr8/avr8-gnu-toolchain/bin/../lib/gcc/avr/5.4.0/avrxmega3/short-calls\libgcc.a(_copy_data.o)
                0x00000040                __do_copy_data
 .init4         0x00000056       0x10 c:/program files (x86)/atmel/studio/7.0/toolchain/avr8/avr8-gnu-toolchain/bin/../lib/gcc/avr/5.4.0/avrxmega3/short-calls\libgcc.a(_clear_bss.o)
                0x00000056                __do_clear_bss
 *(.init4)
 *(.init5)
 *(.init5)
 *(.init6)
 *(.init6)
 *(.init7)
 *(.init7)
 *(.init8)
 *(.init8)
 *(.init9)
 .init9         0x00000066        0x4 C:/Program Files (x86)/Atmel/Studio/7.0/Packs/atmel/ATtiny_DFP/1.3.229/gcc/dev/attiny817/avrxmega3/short-calls/crtattiny817.o
 *(.init9)
 *(.text)
 .text          0x0000006a        0x2 C:/Program Files (x86)/Atmel/Studio/7.0/Packs/atmel/ATtiny_DFP/1.3.229/gcc/dev/attiny817/avrxmega3/short-calls/crtattiny817.o
                0x0000006a                __vector_22
                0x0000006a                __vector_1
                0x0000006a                __vector_24
                0x0000006a                __vector_12
                0x0000006a                __bad_interrupt
                0x0000006a                __vector_6
                0x0000006a                __vector_23
                0x0000006a                __vector_25
                0x0000006a                __vector_11
                0x0000006a                __vector_13
                0x0000006a                __vector_17
                0x0000006a                __vector_19
                0x0000006a                __vector_7
                0x0000006a                __vector_4
                0x0000006a                __vector_9
                0x0000006a                __vector_2
                0x0000006a                __vector_15
                0x0000006a                __vector_8
                0x0000006a                __vector_14
                0x0000006a                __vector_10
                0x0000006a                __vector_16
                0x0000006a                __vector_18
                0x0000006c                . = ALIGN (0x2)
 *(.text.*)
 .text.i2c_send_ack
                0x0000006c       0x12 i2c_master.o
 .text.i2c_read_data
                0x0000007e       0x1a i2c_master.o
 .text.i2c_write_data
                0x00000098       0x1a i2c_master.o
 .text.I2C_M_IDLE
                0x000000b2        0x4 i2c_master.o
 .text.I2C_M_START
                0x000000b6       0x10 i2c_master.o
 .text.I2C_M_RESTART
                0x000000c6        0x4 i2c_master.o
 .text.I2C_M_STOP
                0x000000ca        0xe i2c_master.o
 .text.I2C_M_RESET
                0x000000d8        0xe i2c_master.o
 .text.i2c_state_isr
                0x000000e6       0x40 i2c_master.o
 .text.stop_cb  0x00000126        0x4 i2c_master.o
                0x00000126                stop_cb
 .text.restart_cb
                0x0000012a        0x4 i2c_master.o
                0x0000012a                restart_cb
 .text.i2c_M_callback_handler
                0x0000012e       0x28 i2c_master.o
 .text.I2C_M_ADDR_ACK
                0x00000156       0x30 i2c_master.o
 .text.I2C_M_TX_BYTE
                0x00000186       0x26 i2c_master.o
 .text.I2C_M_RX_BYTE
                0x000001ac       0x24 i2c_master.o
 .text.I2C_M_ARB_LOST
                0x000001d0        0x6 i2c_master.o
 .text.I2C_M_BUS_ERR
                0x000001d6        0x6 i2c_master.o
 .text.__vector_20
                0x000001dc       0x46 i2c_master.o
                0x000001dc                __vector_20
 .text.i2c_master_init
                0x00000222       0x4e i2c_master.o
                0x00000222                i2c_master_init
 .text.i2c_set_event_callback
                0x00000270       0x12 i2c_master.o
                0x00000270                i2c_set_event_callback
 .text.i2c_set_buffer
                0x00000282        0xe i2c_master.o
                0x00000282                i2c_set_buffer
 .text.i2c_start
                0x00000290        0xa i2c_master.o
                0x00000290                i2c_start
 .text.i2c_idle
                0x0000029a        0xc i2c_master.o
                0x0000029a                i2c_idle
 .text.i2c_data_complete_cb
                0x000002a6       0x48 main.o
                0x000002a6                i2c_data_complete_cb
 .text.system_init
                0x000002ee       0x2e main.o
                0x000002ee                system_init
 .text.mcp_cycle_LEDS
                0x0000031c       0x80 main.o
                0x0000031c                mcp_cycle_LEDS
 .text.mcp_read_inputs
                0x0000039c       0x72 main.o
                0x0000039c                mcp_read_inputs
 .text.__vector_3
                0x0000040e       0x4e main.o
                0x0000040e                __vector_3
 .text.__vector_5
                0x0000045c       0x4e main.o
                0x0000045c                __vector_5
 .text.main     0x000004aa       0x82 main.o
                0x000004aa                main
 .text.clear_msg_queue
                0x0000052c       0x10 msg_buffer.o
                0x0000052c                clear_msg_queue
 .text.delete_from_msg_queue
                0x0000053c       0x2c msg_buffer.o
                0x0000053c                delete_from_msg_queue
 .text.add_to_msg_queue
                0x00000568       0x9a msg_buffer.o
                0x00000568                add_to_msg_queue
 .text.spi_slave_deselect
                0x00000602        0x8 spi_master.o
 .text.__vector_21
                0x0000060a       0xa8 spi_master.o
                0x0000060a                __vector_21
 .text.spi_master_init
                0x000006b2       0x2c spi_master.o
                0x000006b2                spi_master_init
 .text.spi_start
                0x000006de       0x40 spi_master.o
                0x000006de                spi_start
                0x0000071e                . = ALIGN (0x2)
 *(.fini9)
 .fini9         0x0000071e        0x0 c:/program files (x86)/atmel/studio/7.0/toolchain/avr8/avr8-gnu-toolchain/bin/../lib/gcc/avr/5.4.0/avrxmega3/short-calls\libgcc.a(_exit.o)
                0x0000071e                _exit
                0x0000071e                exit
 *(.fini9)
 *(.fini8)
 *(.fini8)
 *(.fini7)
 *(.fini7)
 *(.fini6)
 *(.fini6)
 *(.fini5)
 *(.fini5)
 *(.fini4)
 *(.fini4)
 *(.fini3)
 *(.fini3)
 *(.fini2)
 *(.fini2)
 *(.fini1)
 *(.fini1)
 *(.fini0)
 .fini0         0x0000071e        0x4 c:/program files (x86)/atmel/studio/7.0/toolchain/avr8/avr8-gnu-toolchain/bin/../lib/gcc/avr/5.4.0/avrxmega3/short-calls\libgcc.a(_exit.o)
 *(.fini0)
                0x00000722                _etext = .

.rodata         0x00008722       0x14 load address 0x00000722
 *(.rodata)
 *(.rodata*)
 .rodata.state_callbacks
                0x00008722       0x14 i2c_master.o
 *(.gnu.linkonce.r*)

.data           0x00803e00        0xa load address 0x00000736
                0x00803e00                PROVIDE (__data_start, .)
 *(.data)
 *(.data*)
 .data.INTCAP_ADDR
                0x00803e00        0x1 main.o
 .data.LED_test
                0x00803e01        0x1 main.o
 .data.spi_io   0x00803e02        0x7 spi_master.o
 *(.gnu.linkonce.d*)
                0x00803e0a                . = ALIGN (0x2)
 *fill*         0x00803e09        0x1 
                0x00803e0a                _edata = .
                0x00803e0a                PROVIDE (__data_end, .)

.bss            0x00803e0a       0x2c
                0x00803e0a                PROVIDE (__bss_start, .)
 *(.bss)
 *(.bss*)
 .bss.i2c_fsm   0x00803e0a       0x12 i2c_master.o
 .bss.spi_bytes
                0x00803e1c        0x4 main.o
 .bss.i2c_rb    0x00803e20       0x13 main.o
 .bss.i2c_tx_buffer
                0x00803e33        0x2 main.o
 .bss.i2c_rx_buffer
                0x00803e35        0x1 main.o
 *(COMMON)
                0x00803e36                PROVIDE (__bss_end, .)
                0x00000736                __data_load_start = LOADADDR (.data)
                0x00000740                __data_load_end = (__data_load_start + SIZEOF (.data))

.noinit         0x00803e36        0x0
                [!provide]                PROVIDE (__noinit_start, .)
 *(.noinit*)
                [!provide]                PROVIDE (__noinit_end, .)
                0x00803e36                _end = .
                [!provide]                PROVIDE (__heap_start, .)

.eeprom         0x00810000        0x0
 *(.eeprom*)
                0x00810000                __eeprom_end = .

.fuse
 *(.fuse)
 *(.lfuse)
 *(.hfuse)
 *(.efuse)

.lock
 *(.lock*)

.signature
 *(.signature*)

.user_signatures
 *(.user_signatures*)

.stab
 *(.stab)

.stabstr
 *(.stabstr)

.stab.excl
 *(.stab.excl)

.stab.exclstr
 *(.stab.exclstr)

.stab.index
 *(.stab.index)

.stab.indexstr
 *(.stab.indexstr)

.comment        0x00000000       0x30
 *(.comment)
 .comment       0x00000000       0x30 i2c_master.o
                                 0x31 (size before relaxing)
 .comment       0x00000030       0x31 main.o
 .comment       0x00000030       0x31 msg_buffer.o
 .comment       0x00000030       0x31 spi_master.o

.note.gnu.avr.deviceinfo
                0x00000000       0x3c
 .note.gnu.avr.deviceinfo
                0x00000000       0x3c C:/Program Files (x86)/Atmel/Studio/7.0/Packs/atmel/ATtiny_DFP/1.3.229/gcc/dev/attiny817/avrxmega3/short-calls/crtattiny817.o

.note.gnu.build-id
 *(.note.gnu.build-id)

.debug
 *(.debug)

.line
 *(.line)

.debug_srcinfo
 *(.debug_srcinfo)

.debug_sfnames
 *(.debug_sfnames)

.debug_aranges  0x00000000      0x190
 *(.debug_aranges)
 .debug_aranges
                0x00000000       0xd0 i2c_master.o
 .debug_aranges
                0x000000d0       0x50 main.o
 .debug_aranges
                0x00000120       0x30 msg_buffer.o
 .debug_aranges
                0x00000150       0x40 spi_master.o

.debug_pubnames
 *(.debug_pubnames)

.debug_info     0x00000000     0x31d9
 *(.debug_info .gnu.linkonce.wi.*)
 .debug_info    0x00000000     0x16bc C:/Program Files (x86)/Atmel/Studio/7.0/Packs/atmel/ATtiny_DFP/1.3.229/gcc/dev/attiny817/avrxmega3/short-calls/crtattiny817.o
 .debug_info    0x000016bc      0x7ff i2c_master.o
 .debug_info    0x00001ebb      0xaff main.o
 .debug_info    0x000029ba      0x244 msg_buffer.o
 .debug_info    0x00002bfe      0x5db spi_master.o

.debug_abbrev   0x00000000     0x1d1c
 *(.debug_abbrev)
 .debug_abbrev  0x00000000     0x1582 C:/Program Files (x86)/Atmel/Studio/7.0/Packs/atmel/ATtiny_DFP/1.3.229/gcc/dev/attiny817/avrxmega3/short-calls/crtattiny817.o
 .debug_abbrev  0x00001582      0x2b3 i2c_master.o
 .debug_abbrev  0x00001835      0x1b1 main.o
 .debug_abbrev  0x000019e6      0x14b msg_buffer.o
 .debug_abbrev  0x00001b31      0x1eb spi_master.o

.debug_line     0x00000000      0xc35
 *(.debug_line .debug_line.* .debug_line_end)
 .debug_line    0x00000000      0x136 C:/Program Files (x86)/Atmel/Studio/7.0/Packs/atmel/ATtiny_DFP/1.3.229/gcc/dev/attiny817/avrxmega3/short-calls/crtattiny817.o
 .debug_line    0x00000136      0x485 i2c_master.o
 .debug_line    0x000005bb      0x305 main.o
 .debug_line    0x000008c0      0x141 msg_buffer.o
 .debug_line    0x00000a01      0x234 spi_master.o

.debug_frame    0x00000000      0x420
 *(.debug_frame)
 .debug_frame   0x00000000      0x1d8 i2c_master.o
 .debug_frame   0x000001d8      0x138 main.o
 .debug_frame   0x00000310       0x54 msg_buffer.o
 .debug_frame   0x00000364       0xbc spi_master.o

.debug_str      0x00000000     0x1750
 *(.debug_str)
 .debug_str     0x00000000      0x9a7 C:/Program Files (x86)/Atmel/Studio/7.0/Packs/atmel/ATtiny_DFP/1.3.229/gcc/dev/attiny817/avrxmega3/short-calls/crtattiny817.o
 .debug_str     0x000009a7      0x6b2 i2c_master.o
                                0x716 (size before relaxing)
 .debug_str     0x00001059      0x4e5 main.o
                                0x7a5 (size before relaxing)
 .debug_str     0x0000153e       0x33 msg_buffer.o
                                0x267 (size before relaxing)
 .debug_str     0x00001571      0x1df spi_master.o
                                0x546 (size before relaxing)

.debug_loc      0x00000000      0x777
 *(.debug_loc)
 .debug_loc     0x00000000      0x237 i2c_master.o
 .debug_loc     0x00000237      0x28b main.o
 .debug_loc     0x000004c2      0x144 msg_buffer.o
 .debug_loc     0x00000606      0x171 spi_master.o

.debug_macinfo
 *(.debug_macinfo)

.debug_weaknames
 *(.debug_weaknames)

.debug_funcnames
 *(.debug_funcnames)

.debug_typenames
 *(.debug_typenames)

.debug_varnames
 *(.debug_varnames)

.debug_pubtypes
 *(.debug_pubtypes)

.debug_ranges   0x00000000      0x150
 *(.debug_ranges)
 .debug_ranges  0x00000000       0xc0 i2c_master.o
 .debug_ranges  0x000000c0       0x40 main.o
 .debug_ranges  0x00000100       0x20 msg_buffer.o
 .debug_ranges  0x00000120       0x30 spi_master.o

.debug_macro
 *(.debug_macro)
OUTPUT(I2C Tests.elf elf32-avr)
LOAD linker stubs
